16:17:55 **** Incremental Build of configuration Debug for project M_MATHIS_VALENCIA_05.06.2025 ****
make -j7 all 
arm-none-eabi-gcc "../Core/Src/main.c" -mcpu=cortex-m3 -std=gnu11 -g3 -DDEBUG -DUSE_HAL_DRIVER -DSTM32L152xE -c -I../Core/Inc -I../Drivers/STM32L1xx_HAL_Driver/Inc -I../Drivers/STM32L1xx_HAL_Driver/Inc/Legacy -I../Drivers/CMSIS/Device/ST/STM32L1xx/Include -I../Drivers/CMSIS/Include -O0 -ffunction-sections -fdata-sections -Wall -fstack-usage -fcyclomatic-complexity -MMD -MP -MF"Core/Src/main.d" -MT"Core/Src/main.o" --specs=nano.specs -mfloat-abi=soft -mthumb -o "Core/Src/main.o"
arm-none-eabi-gcc -o "M_MATHIS_VALENCIA_05.06.2025.elf" @"objects.list"   -mcpu=cortex-m3 -T"/Users/mathisvalencia/Documents/µP/IDE-STM32/M_MATHIS_VALENCIA_05.06.2025/STM32L152RETX_FLASH.ld" --specs=nosys.specs -Wl,-Map="M_MATHIS_VALENCIA_05.06.2025.map" -Wl,--gc-sections -static --specs=nano.specs -mfloat-abi=soft -mthumb -Wl,--start-group -lc -lm -Wl,--end-group
Finished building target: M_MATHIS_VALENCIA_05.06.2025.elf
 
arm-none-eabi-size  M_MATHIS_VALENCIA_05.06.2025.elf 
arm-none-eabi-objdump -h -S M_MATHIS_VALENCIA_05.06.2025.elf  > "M_MATHIS_VALENCIA_05.06.2025.list"
   text	   data	    bss	    dec	    hex	filename
  21916	    104	   2224	  24244	   5eb4	M_MATHIS_VALENCIA_05.06.2025.elf
Finished building: default.size.stdout
 
Finished building: M_MATHIS_VALENCIA_05.06.2025.list
 

16:17:56 Build Finished. 0 errors, 0 warnings. (took 687ms)

